// Jest Snapshot v1, https://goo.gl/fbAQLP

exports[`TurnViewWithDate renders correctly 1`] = `
<View
  accessible={true}
  isTVSelectable={true}
  onResponderGrant={[Function]}
  onResponderMove={[Function]}
  onResponderRelease={[Function]}
  onResponderTerminate={[Function]}
  onResponderTerminationRequest={[Function]}
  onStartShouldSetResponder={[Function]}
  style={
    Object {
      "opacity": 1,
      "width": 97.5,
    }
  }
>
  <ExponentLinearGradient
    colors={
      Array [
        4279017174,
        4278481116,
      ]
    }
    endPoint={
      Array [
        0,
        1,
      ]
    }
    startPoint={
      Array [
        0,
        0,
      ]
    }
    style={
      Object {
        "height": 53,
        "justifyContent": "center",
      }
    }
  >
    <Text
      style={
        Object {
          "color": "white",
          "fontFamily": "montserrat-extra-bold",
          "fontSize": 35.416667660079604,
          "textAlign": "center",
        }
      }
    >
      M 1
    </Text>
  </ExponentLinearGradient>
  <ExponentLinearGradient
    colors={
      Array [
        4294572537,
        4291742924,
      ]
    }
    endPoint={
      Array [
        0,
        1,
      ]
    }
    startPoint={
      Array [
        0,
        0,
      ]
    }
    style={
      Object {
        "borderRightColor": "#c5c9cc",
        "borderRightWidth": 0.5,
        "height": 106.5,
        "justifyContent": "center",
        "padding": 10,
      }
    }
  >
    <Text
      style={
        Object {
          "color": "black",
          "fontFamily": "montserrat-extra-bold",
          "fontSize": 40.7291678090925,
          "textAlign": "center",
        }
      }
    >
      M
    </Text>
  </ExponentLinearGradient>
</View>
`;
