// Jest Snapshot v1, https://goo.gl/fbAQLP

exports[`TurnColumn View Matches the Snapshot when it is a weekend day 1`] = `
<View
  style={
    Object {
      "width": 50,
    }
  }
>
  <ExponentLinearGradient
    colors={
      Array [
        4279017174,
        4278481116,
      ]
    }
    endPoint={
      Array [
        0,
        1,
      ]
    }
    startPoint={
      Array [
        0,
        0,
      ]
    }
    style={
      Object {
        "height": 30,
        "justifyContent": "center",
      }
    }
  >
    <Text
      style={
        Object {
          "color": "white",
          "fontFamily": "montserrat-extra-bold",
          "fontSize": 20,
          "textAlign": "center",
        }
      }
    >
      1
    </Text>
  </ExponentLinearGradient>
  <ExponentLinearGradient
    colors={
      Array [
        4289914618,
        4285250006,
      ]
    }
    endPoint={
      Array [
        0,
        1,
      ]
    }
    startPoint={
      Array [
        0,
        0,
      ]
    }
    style={
      Object {
        "borderLeftColor": "#c5c9cc",
        "borderRightColor": "#c5c9cc",
        "borderRightWidth": 0.5,
        "padding": 10,
      }
    }
  >
    <Text
      style={
        Object {
          "color": "black",
          "fontFamily": "montserrat-extra-bold",
          "fontSize": 23,
          "paddingBottom": 16,
          "textAlign": "center",
        }
      }
    >
      M
    </Text>
    <Text
      style={
        Object {
          "color": "black",
          "fontFamily": "montserrat-extra-bold",
          "fontSize": 23,
          "paddingBottom": 16,
          "textAlign": "center",
        }
      }
    >
      M
    </Text>
    <Text
      style={
        Object {
          "color": "black",
          "fontFamily": "montserrat-extra-bold",
          "fontSize": 23,
          "paddingBottom": 16,
          "textAlign": "center",
        }
      }
    >
      M
    </Text>
    <Text
      style={
        Object {
          "color": "black",
          "fontFamily": "montserrat-extra-bold",
          "fontSize": 23,
          "paddingBottom": 16,
          "textAlign": "center",
        }
      }
    >
      M
    </Text>
    <Text
      style={
        Object {
          "color": "black",
          "fontFamily": "montserrat-extra-bold",
          "fontSize": 23,
          "paddingBottom": 16,
          "textAlign": "center",
        }
      }
    >
      M
    </Text>
    <Text
      style={
        Object {
          "color": "black",
          "fontFamily": "montserrat-extra-bold",
          "fontSize": 23,
          "paddingBottom": 16,
          "textAlign": "center",
        }
      }
    >
      M
    </Text>
    <Text
      style={
        Object {
          "color": "black",
          "fontFamily": "montserrat-extra-bold",
          "fontSize": 23,
          "paddingBottom": 16,
          "textAlign": "center",
        }
      }
    >
      M
    </Text>
    <Text
      style={
        Object {
          "color": "black",
          "fontFamily": "montserrat-extra-bold",
          "fontSize": 23,
          "paddingBottom": 16,
          "textAlign": "center",
        }
      }
    >
      M
    </Text>
    <Text
      style={
        Object {
          "color": "black",
          "fontFamily": "montserrat-extra-bold",
          "fontSize": 23,
          "paddingBottom": 16,
          "textAlign": "center",
        }
      }
    >
      M
    </Text>
    <Text
      style={
        Object {
          "color": "black",
          "fontFamily": "montserrat-extra-bold",
          "fontSize": 23,
          "paddingBottom": 16,
          "textAlign": "center",
        }
      }
    >
      M
    </Text>
    <Text
      style={
        Object {
          "color": "black",
          "fontFamily": "montserrat-extra-bold",
          "fontSize": 23,
          "paddingBottom": 16,
          "textAlign": "center",
        }
      }
    >
      M
    </Text>
  </ExponentLinearGradient>
</View>
`;

exports[`TurnColumn View Matches the Snapshot when it is an ordinary day 1`] = `
<View
  style={
    Object {
      "width": 50,
    }
  }
>
  <ExponentLinearGradient
    colors={
      Array [
        4279017174,
        4278481116,
      ]
    }
    endPoint={
      Array [
        0,
        1,
      ]
    }
    startPoint={
      Array [
        0,
        0,
      ]
    }
    style={
      Object {
        "height": 30,
        "justifyContent": "center",
      }
    }
  >
    <Text
      style={
        Object {
          "color": "white",
          "fontFamily": "montserrat-extra-bold",
          "fontSize": 20,
          "textAlign": "center",
        }
      }
    >
      25
    </Text>
  </ExponentLinearGradient>
  <ExponentLinearGradient
    colors={
      Array [
        4294572537,
        4291742924,
      ]
    }
    endPoint={
      Array [
        0,
        1,
      ]
    }
    startPoint={
      Array [
        0,
        0,
      ]
    }
    style={
      Object {
        "borderLeftColor": "#c5c9cc",
        "borderRightColor": "#c5c9cc",
        "borderRightWidth": 0.5,
        "padding": 10,
      }
    }
  >
    <Text
      style={
        Object {
          "color": "black",
          "fontFamily": "montserrat-extra-bold",
          "fontSize": 23,
          "paddingBottom": 16,
          "textAlign": "center",
        }
      }
    >
      M
    </Text>
    <Text
      style={
        Object {
          "color": "black",
          "fontFamily": "montserrat-extra-bold",
          "fontSize": 23,
          "paddingBottom": 16,
          "textAlign": "center",
        }
      }
    >
      M
    </Text>
    <Text
      style={
        Object {
          "color": "black",
          "fontFamily": "montserrat-extra-bold",
          "fontSize": 23,
          "paddingBottom": 16,
          "textAlign": "center",
        }
      }
    >
      M
    </Text>
    <Text
      style={
        Object {
          "color": "black",
          "fontFamily": "montserrat-extra-bold",
          "fontSize": 23,
          "paddingBottom": 16,
          "textAlign": "center",
        }
      }
    >
      M
    </Text>
    <Text
      style={
        Object {
          "color": "black",
          "fontFamily": "montserrat-extra-bold",
          "fontSize": 23,
          "paddingBottom": 16,
          "textAlign": "center",
        }
      }
    >
      M
    </Text>
    <Text
      style={
        Object {
          "color": "black",
          "fontFamily": "montserrat-extra-bold",
          "fontSize": 23,
          "paddingBottom": 16,
          "textAlign": "center",
        }
      }
    >
      M
    </Text>
    <Text
      style={
        Object {
          "color": "black",
          "fontFamily": "montserrat-extra-bold",
          "fontSize": 23,
          "paddingBottom": 16,
          "textAlign": "center",
        }
      }
    >
      M
    </Text>
    <Text
      style={
        Object {
          "color": "black",
          "fontFamily": "montserrat-extra-bold",
          "fontSize": 23,
          "paddingBottom": 16,
          "textAlign": "center",
        }
      }
    >
      M
    </Text>
    <Text
      style={
        Object {
          "color": "black",
          "fontFamily": "montserrat-extra-bold",
          "fontSize": 23,
          "paddingBottom": 16,
          "textAlign": "center",
        }
      }
    >
      M
    </Text>
    <Text
      style={
        Object {
          "color": "black",
          "fontFamily": "montserrat-extra-bold",
          "fontSize": 23,
          "paddingBottom": 16,
          "textAlign": "center",
        }
      }
    >
      M
    </Text>
    <Text
      style={
        Object {
          "color": "black",
          "fontFamily": "montserrat-extra-bold",
          "fontSize": 23,
          "paddingBottom": 16,
          "textAlign": "center",
        }
      }
    >
      M
    </Text>
  </ExponentLinearGradient>
</View>
`;

exports[`TurnColumn View Matches the Snapshot when it is today 1`] = `
<View
  style={
    Object {
      "width": 50,
    }
  }
>
  <ExponentLinearGradient
    colors={
      Array [
        4279017174,
        4278481116,
      ]
    }
    endPoint={
      Array [
        0,
        1,
      ]
    }
    startPoint={
      Array [
        0,
        0,
      ]
    }
    style={
      Object {
        "height": 30,
        "justifyContent": "center",
      }
    }
  >
    <Text
      style={
        Object {
          "color": "white",
          "fontFamily": "montserrat-extra-bold",
          "fontSize": 20,
          "textAlign": "center",
        }
      }
    >
      26
    </Text>
  </ExponentLinearGradient>
  <ExponentLinearGradient
    colors={
      Array [
        4294572537,
        4291742924,
      ]
    }
    endPoint={
      Array [
        0,
        1,
      ]
    }
    startPoint={
      Array [
        0,
        0,
      ]
    }
    style={
      Object {
        "borderLeftColor": "#c5c9cc",
        "borderRightColor": "#c5c9cc",
        "borderRightWidth": 0.5,
        "padding": 10,
      }
    }
  >
    <Text
      style={
        Object {
          "color": "#056ec9",
          "fontFamily": "montserrat-extra-bold",
          "fontSize": 23,
          "paddingBottom": 16,
          "textAlign": "center",
        }
      }
    >
      M
    </Text>
    <Text
      style={
        Object {
          "color": "#056ec9",
          "fontFamily": "montserrat-extra-bold",
          "fontSize": 23,
          "paddingBottom": 16,
          "textAlign": "center",
        }
      }
    >
      M
    </Text>
    <Text
      style={
        Object {
          "color": "#056ec9",
          "fontFamily": "montserrat-extra-bold",
          "fontSize": 23,
          "paddingBottom": 16,
          "textAlign": "center",
        }
      }
    >
      M
    </Text>
    <Text
      style={
        Object {
          "color": "#056ec9",
          "fontFamily": "montserrat-extra-bold",
          "fontSize": 23,
          "paddingBottom": 16,
          "textAlign": "center",
        }
      }
    >
      M
    </Text>
    <Text
      style={
        Object {
          "color": "#056ec9",
          "fontFamily": "montserrat-extra-bold",
          "fontSize": 23,
          "paddingBottom": 16,
          "textAlign": "center",
        }
      }
    >
      M
    </Text>
    <Text
      style={
        Object {
          "color": "#056ec9",
          "fontFamily": "montserrat-extra-bold",
          "fontSize": 23,
          "paddingBottom": 16,
          "textAlign": "center",
        }
      }
    >
      M
    </Text>
    <Text
      style={
        Object {
          "color": "#056ec9",
          "fontFamily": "montserrat-extra-bold",
          "fontSize": 23,
          "paddingBottom": 16,
          "textAlign": "center",
        }
      }
    >
      M
    </Text>
    <Text
      style={
        Object {
          "color": "#056ec9",
          "fontFamily": "montserrat-extra-bold",
          "fontSize": 23,
          "paddingBottom": 16,
          "textAlign": "center",
        }
      }
    >
      M
    </Text>
    <Text
      style={
        Object {
          "color": "#056ec9",
          "fontFamily": "montserrat-extra-bold",
          "fontSize": 23,
          "paddingBottom": 16,
          "textAlign": "center",
        }
      }
    >
      M
    </Text>
    <Text
      style={
        Object {
          "color": "#056ec9",
          "fontFamily": "montserrat-extra-bold",
          "fontSize": 23,
          "paddingBottom": 16,
          "textAlign": "center",
        }
      }
    >
      M
    </Text>
    <Text
      style={
        Object {
          "color": "#056ec9",
          "fontFamily": "montserrat-extra-bold",
          "fontSize": 23,
          "paddingBottom": 16,
          "textAlign": "center",
        }
      }
    >
      M
    </Text>
  </ExponentLinearGradient>
</View>
`;
